Java HotSpot(TM) 64-Bit Server VM (25.191-b12) for windows-amd64 JRE (1.8.0_191-b12), built on Oct  6 2018 09:29:03 by "java_re" with MS VC++ 10.0 (VS2010)
Memory: 4k page, physical 8259892k(2444340k free), swap 12777704k(2770920k free)
CommandLine flags: -XX:InitialHeapSize=132158272 -XX:MaxHeapSize=2114532352 -XX:+PrintGC -XX:+PrintGCDateStamps -XX:+PrintGCDetails -XX:+PrintGCTimeStamps -XX:+UseCompressedClassPointers -XX:+UseCompressedOops -XX:-UseLargePagesIndividualAllocation -XX:+UseParallelGC 
2020-10-25T14:25:51.631+0800: 0.118: [GC (Allocation Failure) [PSYoungGen: 32676K->5107K(38400K)] 32676K->10884K(125952K), 0.0132589 secs] [Times: user=0.00 sys=0.00, real=0.01 secs] 
2020-10-25T14:25:51.657+0800: 0.134: [GC (Allocation Failure) [PSYoungGen: 38387K->5116K(71680K)] 44164K->23316K(159232K), 0.0040745 secs] [Times: user=0.00 sys=0.00, real=0.00 secs] 
2020-10-25T14:25:51.681+0800: 0.158: [GC (Allocation Failure) [PSYoungGen: 71676K->5119K(71680K)] 89876K->48742K(159232K), 0.0077648 secs] [Times: user=0.00 sys=0.00, real=0.01 secs] 
2020-10-25T14:25:51.698+0800: 0.175: [GC (Allocation Failure) [PSYoungGen: 71679K->5116K(138240K)] 115302K->69896K(225792K), 0.0062239 secs] [Times: user=0.00 sys=0.00, real=0.01 secs] 
2020-10-25T14:25:51.705+0800: 0.182: [Full GC (Ergonomics) [PSYoungGen: 5116K->0K(138240K)] [ParOldGen: 64780K->66025K(138240K)] 69896K->66025K(276480K), [Metaspace: 2621K->2621K(1056768K)], 0.0135649 secs] [Times: user=0.11 sys=0.01, real=0.01 secs] 
2020-10-25T14:25:51.753+0800: 0.229: [GC (Allocation Failure) [PSYoungGen: 133120K->5110K(138240K)] 199145K->110997K(276480K), 0.0092719 secs] [Times: user=0.09 sys=0.03, real=0.01 secs] 
2020-10-25T14:25:51.762+0800: 0.239: [Full GC (Ergonomics) [PSYoungGen: 5110K->0K(138240K)] [ParOldGen: 105886K->103862K(209408K)] 110997K->103862K(347648K), [Metaspace: 2621K->2621K(1056768K)], 0.0205102 secs] [Times: user=0.13 sys=0.00, real=0.02 secs] 
2020-10-25T14:25:51.801+0800: 0.278: [GC (Allocation Failure) [PSYoungGen: 133120K->44307K(245760K)] 236982K->148169K(455168K), 0.0090112 secs] [Times: user=0.03 sys=0.09, real=0.01 secs] 
2020-10-25T14:25:51.851+0800: 0.329: [GC (Allocation Failure) [PSYoungGen: 244942K->55803K(269824K)] 348805K->209906K(479232K), 0.0201456 secs] [Times: user=0.17 sys=0.08, real=0.02 secs] 
2020-10-25T14:25:51.904+0800: 0.381: [GC (Allocation Failure) [PSYoungGen: 269694K->90622K(374784K)] 423797K->268954K(584192K), 0.0217046 secs] [Times: user=0.06 sys=0.06, real=0.02 secs] 
2020-10-25T14:25:51.925+0800: 0.403: [Full GC (Ergonomics) [PSYoungGen: 90622K->14108K(374784K)] [ParOldGen: 178331K->209004K(337920K)] 268954K->223112K(712704K), [Metaspace: 2621K->2621K(1056768K)], 0.0446365 secs] [Times: user=0.36 sys=0.00, real=0.05 secs] 
2020-10-25T14:25:52.010+0800: 0.487: [GC (Allocation Failure) [PSYoungGen: 298268K->99520K(401408K)] 507272K->308525K(739328K), 0.0183993 secs] [Times: user=0.09 sys=0.03, real=0.02 secs] 
2020-10-25T14:25:52.063+0800: 0.540: [GC (Allocation Failure) [PSYoungGen: 383680K->130551K(473088K)] 592685K->378000K(811008K), 0.0310326 secs] [Times: user=0.11 sys=0.14, real=0.03 secs] 
2020-10-25T14:25:52.138+0800: 0.615: [GC (Allocation Failure) [PSYoungGen: 473079K->157329K(500224K)] 720528K->446912K(838144K), 0.0364100 secs] [Times: user=0.17 sys=0.06, real=0.04 secs] 
2020-10-25T14:25:52.175+0800: 0.652: [Full GC (Ergonomics) [PSYoungGen: 157329K->0K(500224K)] [ParOldGen: 289582K->313821K(466944K)] 446912K->313821K(967168K), [Metaspace: 2621K->2621K(1056768K)], 0.0650487 secs] [Times: user=0.44 sys=0.02, real=0.06 secs] 
2020-10-25T14:25:52.289+0800: 0.766: [GC (Allocation Failure) [PSYoungGen: 342528K->112384K(494080K)] 656349K->426206K(961024K), 0.0206234 secs] [Times: user=0.11 sys=0.00, real=0.02 secs] 
2020-10-25T14:25:52.351+0800: 0.828: [GC (Allocation Failure) [PSYoungGen: 418048K->93644K(399360K)] 731870K->495347K(866304K), 0.0410993 secs] [Times: user=0.17 sys=0.13, real=0.04 secs] 
2020-10-25T14:25:52.392+0800: 0.869: [Full GC (Ergonomics) [PSYoungGen: 93644K->0K(399360K)] [ParOldGen: 401702K->348643K(536576K)] 495347K->348643K(935936K), [Metaspace: 2621K->2621K(1056768K)], 0.0643743 secs] [Times: user=0.49 sys=0.01, real=0.07 secs] 
2020-10-25T14:25:52.495+0800: 0.972: [GC (Allocation Failure) [PSYoungGen: 305664K->98687K(498176K)] 654307K->447330K(1034752K), 0.0173941 secs] [Times: user=0.13 sys=0.00, real=0.02 secs] 
2020-10-25T14:25:52.552+0800: 1.029: [GC (Allocation Failure) [PSYoungGen: 411007K->97976K(494592K)] 759650K->519965K(1031168K), 0.0317886 secs] [Times: user=0.25 sys=0.00, real=0.03 secs] 
Heap
 PSYoungGen      total 494592K, used 356152K [0x00000000d5f80000, 0x00000000ff480000, 0x0000000100000000)
  eden space 312320K, 82% used [0x00000000d5f80000,0x00000000e5b9ffd8,0x00000000e9080000)
  from space 182272K, 53% used [0x00000000e9080000,0x00000000ef02e390,0x00000000f4280000)
  to   space 178176K, 0% used [0x00000000f4680000,0x00000000f4680000,0x00000000ff480000)
 ParOldGen       total 536576K, used 421988K [0x0000000081e00000, 0x00000000a2a00000, 0x00000000d5f80000)
  object space 536576K, 78% used [0x0000000081e00000,0x000000009ba193b8,0x00000000a2a00000)
 Metaspace       used 2627K, capacity 4486K, committed 4864K, reserved 1056768K
  class space    used 290K, capacity 386K, committed 512K, reserved 1048576K
